4417
2678
7777
12238
4855
2056
2090
7026
6012
5832
9652
7467
12515
